Archive member included because of file (symbol)

c:/winavr-20100110/bin/../lib/gcc/avr/4.3.3/avr5\libgcc.a(_udivmodsi4.o)
                              ./MCAL/USART/usart.o (__udivmodsi4)
c:/winavr-20100110/bin/../lib/gcc/avr/4.3.3/avr5\libgcc.a(_exit.o)
                              c:/winavr-20100110/bin/../lib/gcc/avr/4.3.3/../../../../avr/lib/avr5/crtm32.o (exit)
c:/winavr-20100110/bin/../lib/gcc/avr/4.3.3/avr5\libgcc.a(_copy_data.o)
                              ./MCAL/USART/usart.o (__do_copy_data)
c:/winavr-20100110/bin/../lib/gcc/avr/4.3.3/avr5\libgcc.a(_clear_bss.o)
                              ./MCAL/USART/usart.o (__do_clear_bss)
c:/winavr-20100110/bin/../lib/gcc/avr/4.3.3/avr5\libgcc.a(_fixunssfsi.o)
                              ./ECU/LCD/lcd.o (__fixunssfsi)
c:/winavr-20100110/bin/../lib/gcc/avr/4.3.3/avr5\libgcc.a(_addsub_sf.o)
                              c:/winavr-20100110/bin/../lib/gcc/avr/4.3.3/avr5\libgcc.a(_fixunssfsi.o) (__subsf3)
c:/winavr-20100110/bin/../lib/gcc/avr/4.3.3/avr5\libgcc.a(_mul_sf.o)
                              ./ECU/LCD/lcd.o (__mulsf3)
c:/winavr-20100110/bin/../lib/gcc/avr/4.3.3/avr5\libgcc.a(_gt_sf.o)
                              ./ECU/LCD/lcd.o (__gtsf2)
c:/winavr-20100110/bin/../lib/gcc/avr/4.3.3/avr5\libgcc.a(_ge_sf.o)
                              c:/winavr-20100110/bin/../lib/gcc/avr/4.3.3/avr5\libgcc.a(_fixunssfsi.o) (__gesf2)
c:/winavr-20100110/bin/../lib/gcc/avr/4.3.3/avr5\libgcc.a(_lt_sf.o)
                              ./ECU/LCD/lcd.o (__ltsf2)
c:/winavr-20100110/bin/../lib/gcc/avr/4.3.3/avr5\libgcc.a(_sf_to_si.o)
                              c:/winavr-20100110/bin/../lib/gcc/avr/4.3.3/avr5\libgcc.a(_fixunssfsi.o) (__fixsfsi)
c:/winavr-20100110/bin/../lib/gcc/avr/4.3.3/avr5\libgcc.a(_thenan_sf.o)
                              c:/winavr-20100110/bin/../lib/gcc/avr/4.3.3/avr5\libgcc.a(_addsub_sf.o) (__thenan_sf)
c:/winavr-20100110/bin/../lib/gcc/avr/4.3.3/avr5\libgcc.a(_prologue.o)
                              c:/winavr-20100110/bin/../lib/gcc/avr/4.3.3/avr5\libgcc.a(_addsub_sf.o) (__prologue_saves__)
c:/winavr-20100110/bin/../lib/gcc/avr/4.3.3/avr5\libgcc.a(_epilogue.o)
                              c:/winavr-20100110/bin/../lib/gcc/avr/4.3.3/avr5\libgcc.a(_addsub_sf.o) (__epilogue_restores__)
c:/winavr-20100110/bin/../lib/gcc/avr/4.3.3/avr5\libgcc.a(_pack_sf.o)
                              c:/winavr-20100110/bin/../lib/gcc/avr/4.3.3/avr5\libgcc.a(_addsub_sf.o) (__pack_f)
c:/winavr-20100110/bin/../lib/gcc/avr/4.3.3/avr5\libgcc.a(_unpack_sf.o)
                              c:/winavr-20100110/bin/../lib/gcc/avr/4.3.3/avr5\libgcc.a(_addsub_sf.o) (__unpack_f)
c:/winavr-20100110/bin/../lib/gcc/avr/4.3.3/avr5\libgcc.a(_fpcmp_parts_sf.o)
                              c:/winavr-20100110/bin/../lib/gcc/avr/4.3.3/avr5\libgcc.a(_gt_sf.o) (__fpcmp_parts_f)
c:/winavr-20100110/bin/../lib/gcc/avr/4.3.3/../../../../avr/lib/avr5\libc.a(memcpy.o)
                              ./FreeRTOS/queue.o (memcpy)
c:/winavr-20100110/bin/../lib/gcc/avr/4.3.3/../../../../avr/lib/avr5\libc.a(ltoa.o)
                              ./ECU/LCD/lcd.o (ltoa)
c:/winavr-20100110/bin/../lib/gcc/avr/4.3.3/../../../../avr/lib/avr5\libc.a(strrev.o)
                              c:/winavr-20100110/bin/../lib/gcc/avr/4.3.3/../../../../avr/lib/avr5\libc.a(ltoa.o) (strrev)

Allocating common symbols
Common symbol       size              file

g_xQueueSend        0x2               ./APP/main.o
g_xQueueReceive     0x2               ./APP/main.o
key                 0x1               ./APP/HumanInterface/humaninterface.o
usartReceiveSemphr  0x2               ./APP/ControlInterface/controlinterface.o

Memory Configuration

Name             Origin             Length             Attributes
text             0x00000000         0x00020000         xr
data             0x00800060         0x0000ffa0         rw !x
eeprom           0x00810000         0x00010000         rw !x
fuse             0x00820000         0x00000400         rw !x
lock             0x00830000         0x00000400         rw !x
signature        0x00840000         0x00000400         rw !x
*default*        0x00000000         0xffffffff

Linker script and memory map

LOAD c:/winavr-20100110/bin/../lib/gcc/avr/4.3.3/../../../../avr/lib/avr5/crtm32.o
LOAD ./MCAL/USART/usart.o
LOAD ./MCAL/GPIO/gpio.o
LOAD ./FreeRTOS/croutine.o
LOAD ./FreeRTOS/heap_2.o
LOAD ./FreeRTOS/list.o
LOAD ./FreeRTOS/port.o
LOAD ./FreeRTOS/queue.o
LOAD ./FreeRTOS/tasks.o
LOAD ./ECU/LCD/lcd.o
LOAD ./ECU/Keypad/keypad.o
LOAD ./APP/HumanInterface/humaninterface.o
LOAD ./APP/ControlInterface/controlinterface.o
LOAD ./APP/main.o
LOAD c:/winavr-20100110/bin/../lib/gcc/avr/4.3.3/avr5\libgcc.a
LOAD c:/winavr-20100110/bin/../lib/gcc/avr/4.3.3/../../../../avr/lib/avr5\libc.a
LOAD c:/winavr-20100110/bin/../lib/gcc/avr/4.3.3/avr5\libgcc.a

.hash
 *(.hash)

.dynsym
 *(.dynsym)

.dynstr
 *(.dynstr)

.gnu.version
 *(.gnu.version)

.gnu.version_d
 *(.gnu.version_d)

.gnu.version_r
 *(.gnu.version_r)

.rel.init
 *(.rel.init)

.rela.init
 *(.rela.init)

.rel.text
 *(.rel.text)
 *(.rel.text.*)
 *(.rel.gnu.linkonce.t*)

.rela.text
 *(.rela.text)
 *(.rela.text.*)
 *(.rela.gnu.linkonce.t*)

.rel.fini
 *(.rel.fini)

.rela.fini
 *(.rela.fini)

.rel.rodata
 *(.rel.rodata)
 *(.rel.rodata.*)
 *(.rel.gnu.linkonce.r*)

.rela.rodata
 *(.rela.rodata)
 *(.rela.rodata.*)
 *(.rela.gnu.linkonce.r*)

.rel.data
 *(.rel.data)
 *(.rel.data.*)
 *(.rel.gnu.linkonce.d*)

.rela.data
 *(.rela.data)
 *(.rela.data.*)
 *(.rela.gnu.linkonce.d*)

.rel.ctors
 *(.rel.ctors)

.rela.ctors
 *(.rela.ctors)

.rel.dtors
 *(.rel.dtors)

.rela.dtors
 *(.rela.dtors)

.rel.got
 *(.rel.got)

.rela.got
 *(.rela.got)

.rel.bss
 *(.rel.bss)

.rela.bss
 *(.rela.bss)

.rel.plt
 *(.rel.plt)

.rela.plt
 *(.rela.plt)

.text           0x00000000     0x6110
 *(.vectors)
 .vectors       0x00000000       0x54 c:/winavr-20100110/bin/../lib/gcc/avr/4.3.3/../../../../avr/lib/avr5/crtm32.o
                0x00000000                __vectors
                0x00000000                __vector_default
 *(.vectors)
 *(.progmem.gcc*)
 *(.progmem*)
                0x00000054                . = ALIGN (0x2)
                0x00000054                __trampolines_start = .
 *(.trampolines)
 .trampolines   0x00000054        0x0 linker stubs
 *(.trampolines*)
                0x00000054                __trampolines_end = .
 *(.jumptables)
 *(.jumptables*)
 *(.lowtext)
 *(.lowtext*)
                0x00000054                __ctors_start = .
 *(.ctors)
                0x00000054                __ctors_end = .
                0x00000054                __dtors_start = .
 *(.dtors)
                0x00000054                __dtors_end = .
 SORT(*)(.ctors)
 SORT(*)(.dtors)
 *(.init0)
 .init0         0x00000054        0x0 c:/winavr-20100110/bin/../lib/gcc/avr/4.3.3/../../../../avr/lib/avr5/crtm32.o
                0x00000054                __init
 *(.init0)
 *(.init1)
 *(.init1)
 *(.init2)
 .init2         0x00000054        0xc c:/winavr-20100110/bin/../lib/gcc/avr/4.3.3/../../../../avr/lib/avr5/crtm32.o
 *(.init2)
 *(.init3)
 *(.init3)
 *(.init4)
 .init4         0x00000060       0x16 c:/winavr-20100110/bin/../lib/gcc/avr/4.3.3/avr5\libgcc.a(_copy_data.o)
                0x00000060                __do_copy_data
 .init4         0x00000076       0x10 c:/winavr-20100110/bin/../lib/gcc/avr/4.3.3/avr5\libgcc.a(_clear_bss.o)
                0x00000076                __do_clear_bss
 *(.init4)
 *(.init5)
 *(.init5)
 *(.init6)
 *(.init6)
 *(.init7)
 *(.init7)
 *(.init8)
 *(.init8)
 *(.init9)
 .init9         0x00000086        0x8 c:/winavr-20100110/bin/../lib/gcc/avr/4.3.3/../../../../avr/lib/avr5/crtm32.o
 *(.init9)
 *(.text)
 .text          0x0000008e        0x4 c:/winavr-20100110/bin/../lib/gcc/avr/4.3.3/../../../../avr/lib/avr5/crtm32.o
                0x0000008e                __vector_1
                0x0000008e                __vector_12
                0x0000008e                __bad_interrupt
                0x0000008e                __vector_6
                0x0000008e                __vector_3
                0x0000008e                __vector_11
                0x0000008e                __vector_17
                0x0000008e                __vector_19
                0x0000008e                __vector_5
                0x0000008e                __vector_4
                0x0000008e                __vector_9
                0x0000008e                __vector_2
                0x0000008e                __vector_15
                0x0000008e                __vector_8
                0x0000008e                __vector_14
                0x0000008e                __vector_10
                0x0000008e                __vector_16
                0x0000008e                __vector_18
                0x0000008e                __vector_20
 .text          0x00000092        0x0 ./MCAL/USART/usart.o
 .text          0x00000092        0x0 ./MCAL/GPIO/gpio.o
 .text          0x00000092        0x0 ./FreeRTOS/croutine.o
 .text          0x00000092        0x0 ./FreeRTOS/heap_2.o
 .text          0x00000092        0x0 ./FreeRTOS/list.o
 .text          0x00000092        0x0 ./FreeRTOS/port.o
 .text          0x00000092        0x0 ./FreeRTOS/queue.o
 .text          0x00000092        0x0 ./FreeRTOS/tasks.o
 .text          0x00000092        0x0 ./ECU/LCD/lcd.o
 .text          0x00000092        0x0 ./ECU/Keypad/keypad.o
 .text          0x00000092        0x0 ./APP/HumanInterface/humaninterface.o
 .text          0x00000092        0x0 ./APP/ControlInterface/controlinterface.o
 .text          0x00000092        0x0 ./APP/main.o
 .text          0x00000092        0x0 c:/winavr-20100110/bin/../lib/gcc/avr/4.3.3/avr5\libgcc.a(_udivmodsi4.o)
 .text          0x00000092        0x0 c:/winavr-20100110/bin/../lib/gcc/avr/4.3.3/avr5\libgcc.a(_exit.o)
 .text          0x00000092        0x0 c:/winavr-20100110/bin/../lib/gcc/avr/4.3.3/avr5\libgcc.a(_copy_data.o)
 .text          0x00000092        0x0 c:/winavr-20100110/bin/../lib/gcc/avr/4.3.3/avr5\libgcc.a(_clear_bss.o)
 .text          0x00000092       0x58 c:/winavr-20100110/bin/../lib/gcc/avr/4.3.3/avr5\libgcc.a(_fixunssfsi.o)
                0x00000092                __fixunssfsi
 .text          0x000000ea      0x354 c:/winavr-20100110/bin/../lib/gcc/avr/4.3.3/avr5\libgcc.a(_addsub_sf.o)
                0x00000382                __subsf3
                0x000003e4                __addsf3
 .text          0x0000043e      0x1f4 c:/winavr-20100110/bin/../lib/gcc/avr/4.3.3/avr5\libgcc.a(_mul_sf.o)
                0x0000043e                __mulsf3
 .text          0x00000632       0x60 c:/winavr-20100110/bin/../lib/gcc/avr/4.3.3/avr5\libgcc.a(_gt_sf.o)
                0x00000632                __gtsf2
 .text          0x00000692       0x60 c:/winavr-20100110/bin/../lib/gcc/avr/4.3.3/avr5\libgcc.a(_ge_sf.o)
                0x00000692                __gesf2
 .text          0x000006f2       0x60 c:/winavr-20100110/bin/../lib/gcc/avr/4.3.3/avr5\libgcc.a(_lt_sf.o)
                0x000006f2                __ltsf2
 .text          0x00000752       0xa8 c:/winavr-20100110/bin/../lib/gcc/avr/4.3.3/avr5\libgcc.a(_sf_to_si.o)
                0x00000752                __fixsfsi
 .text          0x000007fa        0x0 c:/winavr-20100110/bin/../lib/gcc/avr/4.3.3/avr5\libgcc.a(_thenan_sf.o)
 .text          0x000007fa        0x0 c:/winavr-20100110/bin/../lib/gcc/avr/4.3.3/avr5\libgcc.a(_prologue.o)
 .text          0x000007fa        0x0 c:/winavr-20100110/bin/../lib/gcc/avr/4.3.3/avr5\libgcc.a(_epilogue.o)
 .text          0x000007fa      0x1aa c:/winavr-20100110/bin/../lib/gcc/avr/4.3.3/avr5\libgcc.a(_pack_sf.o)
                0x000007fa                __pack_f
 .text          0x000009a4       0xf0 c:/winavr-20100110/bin/../lib/gcc/avr/4.3.3/avr5\libgcc.a(_unpack_sf.o)
                0x000009a4                __unpack_f
 .text          0x00000a94       0xb2 c:/winavr-20100110/bin/../lib/gcc/avr/4.3.3/avr5\libgcc.a(_fpcmp_parts_sf.o)
                0x00000a94                __fpcmp_parts_f
 .text          0x00000b46        0x0 c:/winavr-20100110/bin/../lib/gcc/avr/4.3.3/../../../../avr/lib/avr5\libc.a(memcpy.o)
 .text          0x00000b46        0x0 c:/winavr-20100110/bin/../lib/gcc/avr/4.3.3/../../../../avr/lib/avr5\libc.a(ltoa.o)
 .text          0x00000b46        0x0 c:/winavr-20100110/bin/../lib/gcc/avr/4.3.3/../../../../avr/lib/avr5\libc.a(strrev.o)
                0x00000b46                . = ALIGN (0x2)
 *(.text.*)
 .text.USART_init
                0x00000b46      0x28a ./MCAL/USART/usart.o
                0x00000b46                USART_init
 .text.USART_isInit
                0x00000dd0       0x2c ./MCAL/USART/usart.o
                0x00000dd0                USART_isInit
 .text.USART_deInit
                0x00000dfc       0x48 ./MCAL/USART/usart.o
                0x00000dfc                USART_deInit
 .text.USART_sendCharNonBlocking
                0x00000e44       0x34 ./MCAL/USART/usart.o
                0x00000e44                USART_sendCharNonBlocking
 .text.USART_receiveCharNonBlocking
                0x00000e78       0x48 ./MCAL/USART/usart.o
                0x00000e78                USART_receiveCharNonBlocking
 .text.USART_sendCharBlocking
                0x00000ec0       0x1e ./MCAL/USART/usart.o
                0x00000ec0                USART_sendCharBlocking
 .text.USART_sendStringBlocking
                0x00000ede       0x42 ./MCAL/USART/usart.o
                0x00000ede                USART_sendStringBlocking
 .text.USART_receiveCharBlocking
                0x00000f20       0x24 ./MCAL/USART/usart.o
                0x00000f20                USART_receiveCharBlocking
 .text.USART_recieveStringBlocking
                0x00000f44       0x7c ./MCAL/USART/usart.o
                0x00000f44                USART_recieveStringBlocking
 .text.USART_setRXCompleteInterruptHandler
                0x00000fc0       0x24 ./MCAL/USART/usart.o
                0x00000fc0                USART_setRXCompleteInterruptHandler
 .text.__vector_13
                0x00000fe4       0x66 ./MCAL/USART/usart.o
                0x00000fe4                __vector_13
 .text.GPIO_setupPinDirection
                0x0000104a      0x1d6 ./MCAL/GPIO/gpio.o
                0x0000104a                GPIO_setupPinDirection
 .text.GPIO_writePin
                0x00001220      0x1d6 ./MCAL/GPIO/gpio.o
                0x00001220                GPIO_writePin
 .text.GPIO_togglePin
                0x000013f6      0x10a ./MCAL/GPIO/gpio.o
                0x000013f6                GPIO_togglePin
 .text.GPIO_readPin
                0x00001500      0x128 ./MCAL/GPIO/gpio.o
                0x00001500                GPIO_readPin
 .text.GPIO_setupPortDirection
                0x00001628       0x88 ./MCAL/GPIO/gpio.o
                0x00001628                GPIO_setupPortDirection
 .text.GPIO_writePort
                0x000016b0       0x88 ./MCAL/GPIO/gpio.o
                0x000016b0                GPIO_writePort
 .text.GPIO_readPort
                0x00001738       0x8a ./MCAL/GPIO/gpio.o
                0x00001738                GPIO_readPort
 .text.pvPortMalloc
                0x000017c2      0x1d0 ./FreeRTOS/heap_2.o
                0x000017c2                pvPortMalloc
 .text.vPortFree
                0x00001992       0xda ./FreeRTOS/heap_2.o
                0x00001992                vPortFree
 .text.xPortGetFreeHeapSize
                0x00001a6c       0x16 ./FreeRTOS/heap_2.o
                0x00001a6c                xPortGetFreeHeapSize
 .text.vPortInitialiseBlocks
                0x00001a82        0xe ./FreeRTOS/heap_2.o
                0x00001a82                vPortInitialiseBlocks
 .text.prvHeapInit
                0x00001a90       0x6a ./FreeRTOS/heap_2.o
 .text.vListInitialise
                0x00001afa       0x54 ./FreeRTOS/list.o
                0x00001afa                vListInitialise
 .text.vListInitialiseItem
                0x00001b4e       0x20 ./FreeRTOS/list.o
                0x00001b4e                vListInitialiseItem
 .text.vListInsertEnd
                0x00001b6e       0x88 ./FreeRTOS/list.o
                0x00001b6e                vListInsertEnd
 .text.vListInsert
                0x00001bf6       0xd8 ./FreeRTOS/list.o
                0x00001bf6                vListInsert
 .text.uxListRemove
                0x00001cce       0x98 ./FreeRTOS/list.o
                0x00001cce                uxListRemove
 .text.pxPortInitialiseStack
                0x00001d66      0x306 ./FreeRTOS/port.o
                0x00001d66                pxPortInitialiseStack
 .text.xPortStartScheduler
                0x0000206c       0x6a ./FreeRTOS/port.o
                0x0000206c                xPortStartScheduler
 .text.vPortEndScheduler
                0x000020d6        0xe ./FreeRTOS/port.o
                0x000020d6                vPortEndScheduler
 .text.vPortYield
                0x000020e4       0xb2 ./FreeRTOS/port.o
                0x000020e4                vPortYield
 .text.vPortYieldFromTick
                0x00002196       0xba ./FreeRTOS/port.o
                0x00002196                vPortYieldFromTick
 .text.prvSetupTimerInterrupt
                0x00002250       0xb8 ./FreeRTOS/port.o
 .text.__vector_7
                0x00002308        0x6 ./FreeRTOS/port.o
                0x00002308                __vector_7
 .text.xQueueGenericReset
                0x0000230e      0x10c ./FreeRTOS/queue.o
                0x0000230e                xQueueGenericReset
 .text.xQueueGenericCreate
                0x0000241a       0x9a ./FreeRTOS/queue.o
                0x0000241a                xQueueGenericCreate
 .text.prvInitialiseNewQueue
                0x000024b4       0x76 ./FreeRTOS/queue.o
 .text.prvInitialiseMutex
                0x0000252a       0x48 ./FreeRTOS/queue.o
 .text.xQueueCreateMutex
                0x00002572       0x40 ./FreeRTOS/queue.o
                0x00002572                xQueueCreateMutex
 .text.xQueueGenericSend
                0x000025b2      0x158 ./FreeRTOS/queue.o
                0x000025b2                xQueueGenericSend
 .text.xQueueGenericSendFromISR
                0x0000270a       0xb0 ./FreeRTOS/queue.o
                0x0000270a                xQueueGenericSendFromISR
 .text.xQueueGiveFromISR
                0x000027ba       0xa2 ./FreeRTOS/queue.o
                0x000027ba                xQueueGiveFromISR
 .text.xQueueGenericReceive
                0x0000285c      0x1d0 ./FreeRTOS/queue.o
                0x0000285c                xQueueGenericReceive
 .text.xQueueReceiveFromISR
                0x00002a2c       0xae ./FreeRTOS/queue.o
                0x00002a2c                xQueueReceiveFromISR
 .text.xQueuePeekFromISR
                0x00002ada       0x72 ./FreeRTOS/queue.o
                0x00002ada                xQueuePeekFromISR
 .text.uxQueueMessagesWaiting
                0x00002b4c       0x30 ./FreeRTOS/queue.o
                0x00002b4c                uxQueueMessagesWaiting
 .text.uxQueueSpacesAvailable
                0x00002b7c       0x4a ./FreeRTOS/queue.o
                0x00002b7c                uxQueueSpacesAvailable
 .text.uxQueueMessagesWaitingFromISR
                0x00002bc6       0x26 ./FreeRTOS/queue.o
                0x00002bc6                uxQueueMessagesWaitingFromISR
 .text.vQueueDelete
                0x00002bec       0x2e ./FreeRTOS/queue.o
                0x00002bec                vQueueDelete
 .text.prvCopyDataToQueue
                0x00002c1a      0x170 ./FreeRTOS/queue.o
 .text.prvCopyDataFromQueue
                0x00002d8a       0x8e ./FreeRTOS/queue.o
 .text.prvUnlockQueue
                0x00002e18       0xa6 ./FreeRTOS/queue.o
 .text.prvIsQueueEmpty
                0x00002ebe       0x3a ./FreeRTOS/queue.o
 .text.xQueueIsQueueEmptyFromISR
                0x00002ef8       0x30 ./FreeRTOS/queue.o
                0x00002ef8                xQueueIsQueueEmptyFromISR
 .text.prvIsQueueFull
                0x00002f28       0x40 ./FreeRTOS/queue.o
 .text.xQueueIsQueueFullFromISR
                0x00002f68       0x36 ./FreeRTOS/queue.o
                0x00002f68                xQueueIsQueueFullFromISR
 .text.xTaskCreate
                0x00002f9e       0xf0 ./FreeRTOS/tasks.o
                0x00002f9e                xTaskCreate
 .text.prvInitialiseNewTask
                0x0000308e      0x176 ./FreeRTOS/tasks.o
 .text.prvAddNewTaskToReadyList
                0x00003204       0xf0 ./FreeRTOS/tasks.o
 .text.vTaskDelay
                0x000032f4       0x44 ./FreeRTOS/tasks.o
                0x000032f4                vTaskDelay
 .text.vTaskPrioritySet
                0x00003338      0x194 ./FreeRTOS/tasks.o
                0x00003338                vTaskPrioritySet
 .text.vTaskSuspend
                0x000034cc       0xd8 ./FreeRTOS/tasks.o
                0x000034cc                vTaskSuspend
 .text.prvTaskIsTaskSuspended
                0x000035a4       0x5e ./FreeRTOS/tasks.o
 .text.vTaskResume
                0x00003602       0xc8 ./FreeRTOS/tasks.o
                0x00003602                vTaskResume
 .text.xTaskResumeFromISR
                0x000036ca       0xcc ./FreeRTOS/tasks.o
                0x000036ca                xTaskResumeFromISR
 .text.vTaskStartScheduler
                0x00003796       0x64 ./FreeRTOS/tasks.o
                0x00003796                vTaskStartScheduler
 .text.vTaskEndScheduler
                0x000037fa       0x18 ./FreeRTOS/tasks.o
                0x000037fa                vTaskEndScheduler
 .text.vTaskSuspendAll
                0x00003812       0x18 ./FreeRTOS/tasks.o
                0x00003812                vTaskSuspendAll
 .text.xTaskResumeAll
                0x0000382a      0x126 ./FreeRTOS/tasks.o
                0x0000382a                xTaskResumeAll
 .text.xTaskGetTickCount
                0x00003950       0x2e ./FreeRTOS/tasks.o
                0x00003950                xTaskGetTickCount
 .text.xTaskGetTickCountFromISR
                0x0000397e       0x2a ./FreeRTOS/tasks.o
                0x0000397e                xTaskGetTickCountFromISR
 .text.uxTaskGetNumberOfTasks
                0x000039a8       0x12 ./FreeRTOS/tasks.o
                0x000039a8                uxTaskGetNumberOfTasks
 .text.pcTaskGetName
                0x000039ba       0x50 ./FreeRTOS/tasks.o
                0x000039ba                pcTaskGetName
 .text.xTaskIncrementTick
                0x00003a0a      0x1ca ./FreeRTOS/tasks.o
                0x00003a0a                xTaskIncrementTick
 .text.vTaskSwitchContext
                0x00003bd4       0xda ./FreeRTOS/tasks.o
                0x00003bd4                vTaskSwitchContext
 .text.vTaskPlaceOnEventList
                0x00003cae       0x44 ./FreeRTOS/tasks.o
                0x00003cae                vTaskPlaceOnEventList
 .text.vTaskPlaceOnUnorderedEventList
                0x00003cf2       0x60 ./FreeRTOS/tasks.o
                0x00003cf2                vTaskPlaceOnUnorderedEventList
 .text.xTaskRemoveFromEventList
                0x00003d52       0xd6 ./FreeRTOS/tasks.o
                0x00003d52                xTaskRemoveFromEventList
 .text.xTaskRemoveFromUnorderedEventList
                0x00003e28       0xca ./FreeRTOS/tasks.o
                0x00003e28                xTaskRemoveFromUnorderedEventList
 .text.vTaskSetTimeOutState
                0x00003ef2       0x32 ./FreeRTOS/tasks.o
                0x00003ef2                vTaskSetTimeOutState
 .text.xTaskCheckForTimeOut
                0x00003f24       0xda ./FreeRTOS/tasks.o
                0x00003f24                xTaskCheckForTimeOut
 .text.vTaskMissedYield
                0x00003ffe       0x14 ./FreeRTOS/tasks.o
                0x00003ffe                vTaskMissedYield
 .text.prvIdleTask
                0x00004012       0x20 ./FreeRTOS/tasks.o
 .text.prvInitialiseTaskLists
                0x00004032       0x7a ./FreeRTOS/tasks.o
 .text.prvCheckTasksWaitingTermination
                0x000040ac        0xe ./FreeRTOS/tasks.o
 .text.prvResetNextTaskUnblockTime
                0x000040ba       0x56 ./FreeRTOS/tasks.o
 .text.xTaskGetCurrentTaskHandle
                0x00004110       0x24 ./FreeRTOS/tasks.o
                0x00004110                xTaskGetCurrentTaskHandle
 .text.vTaskPriorityInherit
                0x00004134      0x116 ./FreeRTOS/tasks.o
                0x00004134                vTaskPriorityInherit
 .text.xTaskPriorityDisinherit
                0x0000424a       0xe4 ./FreeRTOS/tasks.o
                0x0000424a                xTaskPriorityDisinherit
 .text.uxTaskResetEventItemValue
                0x0000432e       0x4e ./FreeRTOS/tasks.o
                0x0000432e                uxTaskResetEventItemValue
 .text.pvTaskIncrementMutexHeldCount
                0x0000437c       0x30 ./FreeRTOS/tasks.o
                0x0000437c                pvTaskIncrementMutexHeldCount
 .text.ulTaskNotifyTake
                0x000043ac       0xee ./FreeRTOS/tasks.o
                0x000043ac                ulTaskNotifyTake
 .text.xTaskNotifyWait
                0x0000449a      0x138 ./FreeRTOS/tasks.o
                0x0000449a                xTaskNotifyWait
 .text.xTaskGenericNotify
                0x000045d2      0x1ba ./FreeRTOS/tasks.o
                0x000045d2                xTaskGenericNotify
 .text.xTaskGenericNotifyFromISR
                0x0000478c      0x1f2 ./FreeRTOS/tasks.o
                0x0000478c                xTaskGenericNotifyFromISR
 .text.vTaskNotifyGiveFromISR
                0x0000497e      0x10e ./FreeRTOS/tasks.o
                0x0000497e                vTaskNotifyGiveFromISR
 .text.xTaskNotifyStateClear
                0x00004a8c       0x74 ./FreeRTOS/tasks.o
                0x00004a8c                xTaskNotifyStateClear
 .text.prvAddCurrentTaskToDelayedList
                0x00004b00       0xf8 ./FreeRTOS/tasks.o
 .text.LCD_init
                0x00004bf8      0x138 ./ECU/LCD/lcd.o
                0x00004bf8                LCD_init
 .text.LCD_sendCommand
                0x00004d30      0x3de ./ECU/LCD/lcd.o
                0x00004d30                LCD_sendCommand
 .text.LCD_displayCharacter
                0x0000510e      0x3de ./ECU/LCD/lcd.o
                0x0000510e                LCD_displayCharacter
 .text.LCD_displayString
                0x000054ec       0x52 ./ECU/LCD/lcd.o
                0x000054ec                LCD_displayString
 .text.LCD_moveCursor
                0x0000553e       0x84 ./ECU/LCD/lcd.o
                0x0000553e                LCD_moveCursor
 .text.LCD_displayStringRowColumn
                0x000055c2       0x32 ./ECU/LCD/lcd.o
                0x000055c2                LCD_displayStringRowColumn
 .text.LCD_clearScreen
                0x000055f4       0x14 ./ECU/LCD/lcd.o
                0x000055f4                LCD_clearScreen
 .text.LCD_cursorBlink
                0x00005608       0x14 ./ECU/LCD/lcd.o
                0x00005608                LCD_cursorBlink
 .text.LCD_displayNumber
                0x0000561c       0x52 ./ECU/LCD/lcd.o
                0x0000561c                LCD_displayNumber
 .text.KEYPAD_init
                0x0000566e       0x4e ./ECU/Keypad/keypad.o
                0x0000566e                KEYPAD_init
 .text.KEYPAD_setKeys
                0x000056bc       0x24 ./ECU/Keypad/keypad.o
                0x000056bc                KEYPAD_setKeys
 .text.KEYPAD_getPressedKey
                0x000056e0      0x28c ./ECU/Keypad/keypad.o
                0x000056e0                KEYPAD_getPressedKey
 .text.KEYPAD_getPressedKeyBlocking
                0x0000596c       0x26 ./ECU/Keypad/keypad.o
                0x0000596c                KEYPAD_getPressedKeyBlocking
 .text.HI_task  0x00005992       0xb6 ./APP/HumanInterface/humaninterface.o
                0x00005992                HI_task
 .text.HI_passTimesOut
                0x00005a48       0xa4 ./APP/HumanInterface/humaninterface.o
 .text.HI_showControlError
                0x00005aec       0x1e ./APP/HumanInterface/humaninterface.o
 .text.HI_enterPassword
                0x00005b0a       0x94 ./APP/HumanInterface/humaninterface.o
 .text.HI_getAndCheckPass
                0x00005b9e       0xda ./APP/HumanInterface/humaninterface.o
 .text.HI_updatePass
                0x00005c78       0xb0 ./APP/HumanInterface/humaninterface.o
 .text.HI_taskInit
                0x00005d28       0x3c ./APP/HumanInterface/humaninterface.o
 .text.HI_checkPassExistAndLogIn
                0x00005d64       0x72 ./APP/HumanInterface/humaninterface.o
 .text.HI_handleDoor
                0x00005dd6       0xa2 ./APP/HumanInterface/humaninterface.o
 .text.CI_usartReceiveIntHandl
                0x00005e78       0x34 ./APP/ControlInterface/controlinterface.o
                0x00005e78                CI_usartReceiveIntHandl
 .text.CI_usartTask
                0x00005eac       0x52 ./APP/ControlInterface/controlinterface.o
                0x00005eac                CI_usartTask
 .text.main     0x00005efe       0xc2 ./APP/main.o
                0x00005efe                main
 .text.libgcc   0x00005fc0       0x44 c:/winavr-20100110/bin/../lib/gcc/avr/4.3.3/avr5\libgcc.a(_udivmodsi4.o)
                0x00005fc0                __udivmodsi4
 .text.libgcc   0x00006004        0x0 c:/winavr-20100110/bin/../lib/gcc/avr/4.3.3/avr5\libgcc.a(_exit.o)
 .text.libgcc   0x00006004        0x0 c:/winavr-20100110/bin/../lib/gcc/avr/4.3.3/avr5\libgcc.a(_copy_data.o)
 .text.libgcc   0x00006004        0x0 c:/winavr-20100110/bin/../lib/gcc/avr/4.3.3/avr5\libgcc.a(_clear_bss.o)
 .text.libgcc   0x00006004       0x38 c:/winavr-20100110/bin/../lib/gcc/avr/4.3.3/avr5\libgcc.a(_prologue.o)
                0x00006004                __prologue_saves__
 .text.libgcc   0x0000603c       0x36 c:/winavr-20100110/bin/../lib/gcc/avr/4.3.3/avr5\libgcc.a(_epilogue.o)
                0x0000603c                __epilogue_restores__
 .text.avr-libc
                0x00006072       0x12 c:/winavr-20100110/bin/../lib/gcc/avr/4.3.3/../../../../avr/lib/avr5\libc.a(memcpy.o)
                0x00006072                memcpy
 .text.avr-libc
                0x00006084       0x68 c:/winavr-20100110/bin/../lib/gcc/avr/4.3.3/../../../../avr/lib/avr5\libc.a(ltoa.o)
                0x00006084                ltoa
 .text.avr-libc
                0x000060ec       0x20 c:/winavr-20100110/bin/../lib/gcc/avr/4.3.3/../../../../avr/lib/avr5\libc.a(strrev.o)
                0x000060ec                strrev
                0x0000610c                . = ALIGN (0x2)
 *(.fini9)
 .fini9         0x0000610c        0x0 c:/winavr-20100110/bin/../lib/gcc/avr/4.3.3/avr5\libgcc.a(_exit.o)
                0x0000610c                exit
                0x0000610c                _exit
 *(.fini9)
 *(.fini8)
 *(.fini8)
 *(.fini7)
 *(.fini7)
 *(.fini6)
 *(.fini6)
 *(.fini5)
 *(.fini5)
 *(.fini4)
 *(.fini4)
 *(.fini3)
 *(.fini3)
 *(.fini2)
 *(.fini2)
 *(.fini1)
 *(.fini1)
 *(.fini0)
 .fini0         0x0000610c        0x4 c:/winavr-20100110/bin/../lib/gcc/avr/4.3.3/avr5\libgcc.a(_exit.o)
 *(.fini0)
                0x00006110                _etext = .

.data           0x00800060      0x134 load address 0x00006110
                0x00800060                PROVIDE (__data_start, .)
 *(.data)
 .data          0x00800060        0x0 c:/winavr-20100110/bin/../lib/gcc/avr/4.3.3/../../../../avr/lib/avr5/crtm32.o
 .data          0x00800060        0x0 ./MCAL/USART/usart.o
 .data          0x00800060        0x0 ./MCAL/GPIO/gpio.o
 .data          0x00800060        0x0 ./FreeRTOS/croutine.o
 .data          0x00800060        0x0 ./FreeRTOS/heap_2.o
 .data          0x00800060        0x0 ./FreeRTOS/list.o
 .data          0x00800060        0x0 ./FreeRTOS/port.o
 .data          0x00800060        0x0 ./FreeRTOS/queue.o
 .data          0x00800060        0x5 ./FreeRTOS/tasks.o
 .data          0x00800065        0x0 ./ECU/LCD/lcd.o
 .data          0x00800065        0x0 ./ECU/Keypad/keypad.o
 .data          0x00800065      0x107 ./APP/HumanInterface/humaninterface.o
 .data          0x0080016c        0x0 ./APP/ControlInterface/controlinterface.o
 .data          0x0080016c        0x7 ./APP/main.o
 .data          0x00800173        0x0 c:/winavr-20100110/bin/../lib/gcc/avr/4.3.3/avr5\libgcc.a(_udivmodsi4.o)
 .data          0x00800173        0x0 c:/winavr-20100110/bin/../lib/gcc/avr/4.3.3/avr5\libgcc.a(_exit.o)
 .data          0x00800173        0x0 c:/winavr-20100110/bin/../lib/gcc/avr/4.3.3/avr5\libgcc.a(_copy_data.o)
 .data          0x00800173        0x0 c:/winavr-20100110/bin/../lib/gcc/avr/4.3.3/avr5\libgcc.a(_clear_bss.o)
 .data          0x00800173        0x0 c:/winavr-20100110/bin/../lib/gcc/avr/4.3.3/avr5\libgcc.a(_fixunssfsi.o)
 .data          0x00800173        0x0 c:/winavr-20100110/bin/../lib/gcc/avr/4.3.3/avr5\libgcc.a(_addsub_sf.o)
 .data          0x00800173        0x0 c:/winavr-20100110/bin/../lib/gcc/avr/4.3.3/avr5\libgcc.a(_mul_sf.o)
 .data          0x00800173        0x0 c:/winavr-20100110/bin/../lib/gcc/avr/4.3.3/avr5\libgcc.a(_gt_sf.o)
 .data          0x00800173        0x0 c:/winavr-20100110/bin/../lib/gcc/avr/4.3.3/avr5\libgcc.a(_ge_sf.o)
 .data          0x00800173        0x0 c:/winavr-20100110/bin/../lib/gcc/avr/4.3.3/avr5\libgcc.a(_lt_sf.o)
 .data          0x00800173        0x0 c:/winavr-20100110/bin/../lib/gcc/avr/4.3.3/avr5\libgcc.a(_sf_to_si.o)
 .data          0x00800173        0x8 c:/winavr-20100110/bin/../lib/gcc/avr/4.3.3/avr5\libgcc.a(_thenan_sf.o)
                0x00800173                __thenan_sf
 .data          0x0080017b        0x0 c:/winavr-20100110/bin/../lib/gcc/avr/4.3.3/avr5\libgcc.a(_prologue.o)
 .data          0x0080017b        0x0 c:/winavr-20100110/bin/../lib/gcc/avr/4.3.3/avr5\libgcc.a(_epilogue.o)
 .data          0x0080017b        0x0 c:/winavr-20100110/bin/../lib/gcc/avr/4.3.3/avr5\libgcc.a(_pack_sf.o)
 .data          0x0080017b        0x0 c:/winavr-20100110/bin/../lib/gcc/avr/4.3.3/avr5\libgcc.a(_unpack_sf.o)
 .data          0x0080017b        0x0 c:/winavr-20100110/bin/../lib/gcc/avr/4.3.3/avr5\libgcc.a(_fpcmp_parts_sf.o)
 .data          0x0080017b        0x0 c:/winavr-20100110/bin/../lib/gcc/avr/4.3.3/../../../../avr/lib/avr5\libc.a(memcpy.o)
 .data          0x0080017b        0x0 c:/winavr-20100110/bin/../lib/gcc/avr/4.3.3/../../../../avr/lib/avr5\libc.a(ltoa.o)
 .data          0x0080017b        0x0 c:/winavr-20100110/bin/../lib/gcc/avr/4.3.3/../../../../avr/lib/avr5\libc.a(strrev.o)
 *(.data*)
 .data.g_usart  0x0080017b        0x4 ./MCAL/USART/usart.o
                0x0080017b                g_usart
 .data.xFreeBytesRemaining
                0x0080017f        0x2 ./FreeRTOS/heap_2.o
 *(.rodata)
 *(.rodata*)
 .rodata.heapSTRUCT_SIZE
                0x00800181        0x2 ./FreeRTOS/heap_2.o
 .rodata.keypadKeys
                0x00800183       0x10 ./APP/HumanInterface/humaninterface.o
                0x00800183                keypadKeys
 *(.gnu.linkonce.d*)
                0x00800194                . = ALIGN (0x2)
 *fill*         0x00800193        0x1 00
                0x00800194                _edata = .
                0x00800194                PROVIDE (__data_end, .)

.bss            0x00800194      0x5fa
                0x00800194                PROVIDE (__bss_start, .)
 *(.bss)
 .bss           0x00800194        0x0 c:/winavr-20100110/bin/../lib/gcc/avr/4.3.3/../../../../avr/lib/avr5/crtm32.o
 .bss           0x00800194        0x0 ./MCAL/USART/usart.o
 .bss           0x00800194        0x0 ./MCAL/GPIO/gpio.o
 .bss           0x00800194        0x0 ./FreeRTOS/croutine.o
 .bss           0x00800194        0x0 ./FreeRTOS/heap_2.o
 .bss           0x00800194        0x0 ./FreeRTOS/list.o
 .bss           0x00800194        0x0 ./FreeRTOS/port.o
 .bss           0x00800194        0x0 ./FreeRTOS/queue.o
 .bss           0x00800194        0x0 ./FreeRTOS/tasks.o
 .bss           0x00800194        0x0 ./ECU/LCD/lcd.o
 .bss           0x00800194        0x0 ./ECU/Keypad/keypad.o
 .bss           0x00800194        0x0 ./APP/HumanInterface/humaninterface.o
 .bss           0x00800194        0x0 ./APP/ControlInterface/controlinterface.o
 .bss           0x00800194        0x0 ./APP/main.o
 .bss           0x00800194        0x0 c:/winavr-20100110/bin/../lib/gcc/avr/4.3.3/avr5\libgcc.a(_udivmodsi4.o)
 .bss           0x00800194        0x0 c:/winavr-20100110/bin/../lib/gcc/avr/4.3.3/avr5\libgcc.a(_exit.o)
 .bss           0x00800194        0x0 c:/winavr-20100110/bin/../lib/gcc/avr/4.3.3/avr5\libgcc.a(_copy_data.o)
 .bss           0x00800194        0x0 c:/winavr-20100110/bin/../lib/gcc/avr/4.3.3/avr5\libgcc.a(_clear_bss.o)
 .bss           0x00800194        0x0 c:/winavr-20100110/bin/../lib/gcc/avr/4.3.3/avr5\libgcc.a(_fixunssfsi.o)
 .bss           0x00800194        0x0 c:/winavr-20100110/bin/../lib/gcc/avr/4.3.3/avr5\libgcc.a(_addsub_sf.o)
 .bss           0x00800194        0x0 c:/winavr-20100110/bin/../lib/gcc/avr/4.3.3/avr5\libgcc.a(_mul_sf.o)
 .bss           0x00800194        0x0 c:/winavr-20100110/bin/../lib/gcc/avr/4.3.3/avr5\libgcc.a(_gt_sf.o)
 .bss           0x00800194        0x0 c:/winavr-20100110/bin/../lib/gcc/avr/4.3.3/avr5\libgcc.a(_ge_sf.o)
 .bss           0x00800194        0x0 c:/winavr-20100110/bin/../lib/gcc/avr/4.3.3/avr5\libgcc.a(_lt_sf.o)
 .bss           0x00800194        0x0 c:/winavr-20100110/bin/../lib/gcc/avr/4.3.3/avr5\libgcc.a(_sf_to_si.o)
 .bss           0x00800194        0x0 c:/winavr-20100110/bin/../lib/gcc/avr/4.3.3/avr5\libgcc.a(_thenan_sf.o)
 .bss           0x00800194        0x0 c:/winavr-20100110/bin/../lib/gcc/avr/4.3.3/avr5\libgcc.a(_prologue.o)
 .bss           0x00800194        0x0 c:/winavr-20100110/bin/../lib/gcc/avr/4.3.3/avr5\libgcc.a(_epilogue.o)
 .bss           0x00800194        0x0 c:/winavr-20100110/bin/../lib/gcc/avr/4.3.3/avr5\libgcc.a(_pack_sf.o)
 .bss           0x00800194        0x0 c:/winavr-20100110/bin/../lib/gcc/avr/4.3.3/avr5\libgcc.a(_unpack_sf.o)
 .bss           0x00800194        0x0 c:/winavr-20100110/bin/../lib/gcc/avr/4.3.3/avr5\libgcc.a(_fpcmp_parts_sf.o)
 .bss           0x00800194        0x0 c:/winavr-20100110/bin/../lib/gcc/avr/4.3.3/../../../../avr/lib/avr5\libc.a(memcpy.o)
 .bss           0x00800194        0x0 c:/winavr-20100110/bin/../lib/gcc/avr/4.3.3/../../../../avr/lib/avr5\libc.a(ltoa.o)
 .bss           0x00800194        0x0 c:/winavr-20100110/bin/../lib/gcc/avr/4.3.3/../../../../avr/lib/avr5\libc.a(strrev.o)
 *(.bss*)
 .bss.USART_rxCompleteInterruptHandler
                0x00800194        0x2 ./MCAL/USART/usart.o
 .bss.xHeapHasBeenInitialised.1640
                0x00800196        0x1 ./FreeRTOS/heap_2.o
 .bss.ucHeap    0x00800197      0x591 ./FreeRTOS/heap_2.o
 .bss.xStart    0x00800728        0x4 ./FreeRTOS/heap_2.o
 .bss.xEnd      0x0080072c        0x4 ./FreeRTOS/heap_2.o
 .bss.pxCurrentTCB
                0x00800730        0x2 ./FreeRTOS/tasks.o
                0x00800730                pxCurrentTCB
 .bss.uxCurrentNumberOfTasks
                0x00800732        0x1 ./FreeRTOS/tasks.o
 .bss.xTickCount
                0x00800733        0x2 ./FreeRTOS/tasks.o
 .bss.uxTopReadyPriority
                0x00800735        0x1 ./FreeRTOS/tasks.o
 .bss.xSchedulerRunning
                0x00800736        0x1 ./FreeRTOS/tasks.o
 .bss.uxPendedTicks
                0x00800737        0x1 ./FreeRTOS/tasks.o
 .bss.xYieldPending
                0x00800738        0x1 ./FreeRTOS/tasks.o
 .bss.xNumOfOverflows
                0x00800739        0x1 ./FreeRTOS/tasks.o
 .bss.uxTaskNumber
                0x0080073a        0x1 ./FreeRTOS/tasks.o
 .bss.xNextTaskUnblockTime
                0x0080073b        0x2 ./FreeRTOS/tasks.o
 .bss.xIdleTaskHandle
                0x0080073d        0x2 ./FreeRTOS/tasks.o
 .bss.uxSchedulerSuspended
                0x0080073f        0x1 ./FreeRTOS/tasks.o
 .bss.pxReadyTasksLists
                0x00800740       0x1b ./FreeRTOS/tasks.o
 .bss.xDelayedTaskList1
                0x0080075b        0x9 ./FreeRTOS/tasks.o
 .bss.xDelayedTaskList2
                0x00800764        0x9 ./FreeRTOS/tasks.o
 .bss.pxDelayedTaskList
                0x0080076d        0x2 ./FreeRTOS/tasks.o
 .bss.pxOverflowDelayedTaskList
                0x0080076f        0x2 ./FreeRTOS/tasks.o
 .bss.xPendingReadyList
                0x00800771        0x9 ./FreeRTOS/tasks.o
 .bss.xSuspendedTaskList
                0x0080077a        0x9 ./FreeRTOS/tasks.o
 .bss.g_keys    0x00800783        0x2 ./ECU/Keypad/keypad.o
                0x00800783                g_keys
 .bss.g_sendValue
                0x00800785        0x1 ./APP/HumanInterface/humaninterface.o
 .bss.g_receiveValue
                0x00800786        0x1 ./APP/HumanInterface/humaninterface.o
 *(COMMON)
 COMMON         0x00800787        0x1 ./APP/HumanInterface/humaninterface.o
                0x00800787                key
 COMMON         0x00800788        0x2 ./APP/ControlInterface/controlinterface.o
                0x00800788                usartReceiveSemphr
 COMMON         0x0080078a        0x4 ./APP/main.o
                0x0080078a                g_xQueueSend
                0x0080078c                g_xQueueReceive
                0x0080078e                PROVIDE (__bss_end, .)
                0x00006110                __data_load_start = LOADADDR (.data)
                0x00006244                __data_load_end = (__data_load_start + SIZEOF (.data))

.noinit         0x0080078e        0x0
                0x0080078e                PROVIDE (__noinit_start, .)
 *(.noinit*)
                0x0080078e                PROVIDE (__noinit_end, .)
                0x0080078e                _end = .
                0x0080078e                PROVIDE (__heap_start, .)

.eeprom         0x00810000        0x0
 *(.eeprom*)
                0x00810000                __eeprom_end = .

.fuse
 *(.fuse)
 *(.lfuse)
 *(.hfuse)
 *(.efuse)

.lock
 *(.lock*)

.signature
 *(.signature*)

.stab
 *(.stab)

.stabstr
 *(.stabstr)

.stab.excl
 *(.stab.excl)

.stab.exclstr
 *(.stab.exclstr)

.stab.index
 *(.stab.index)

.stab.indexstr
 *(.stab.indexstr)

.comment
 *(.comment)

.debug
 *(.debug)

.line
 *(.line)

.debug_srcinfo
 *(.debug_srcinfo)

.debug_sfnames
 *(.debug_sfnames)

.debug_aranges  0x00000000      0x640
 *(.debug_aranges)
 .debug_aranges
                0x00000000       0x70 ./MCAL/USART/usart.o
 .debug_aranges
                0x00000070       0x50 ./MCAL/GPIO/gpio.o
 .debug_aranges
                0x000000c0       0x40 ./FreeRTOS/heap_2.o
 .debug_aranges
                0x00000100       0x40 ./FreeRTOS/list.o
 .debug_aranges
                0x00000140       0x50 ./FreeRTOS/port.o
 .debug_aranges
                0x00000190       0xc8 ./FreeRTOS/queue.o
 .debug_aranges
                0x00000258      0x168 ./FreeRTOS/tasks.o
 .debug_aranges
                0x000003c0       0x60 ./ECU/LCD/lcd.o
 .debug_aranges
                0x00000420       0x38 ./ECU/Keypad/keypad.o
 .debug_aranges
                0x00000458       0x60 ./APP/HumanInterface/humaninterface.o
 .debug_aranges
                0x000004b8       0x28 ./APP/ControlInterface/controlinterface.o
 .debug_aranges
                0x000004e0       0x20 ./APP/main.o
 .debug_aranges
                0x00000500       0x20 c:/winavr-20100110/bin/../lib/gcc/avr/4.3.3/avr5\libgcc.a(_fixunssfsi.o)
 .debug_aranges
                0x00000520       0x20 c:/winavr-20100110/bin/../lib/gcc/avr/4.3.3/avr5\libgcc.a(_addsub_sf.o)
 .debug_aranges
                0x00000540       0x20 c:/winavr-20100110/bin/../lib/gcc/avr/4.3.3/avr5\libgcc.a(_mul_sf.o)
 .debug_aranges
                0x00000560       0x20 c:/winavr-20100110/bin/../lib/gcc/avr/4.3.3/avr5\libgcc.a(_gt_sf.o)
 .debug_aranges
                0x00000580       0x20 c:/winavr-20100110/bin/../lib/gcc/avr/4.3.3/avr5\libgcc.a(_ge_sf.o)
 .debug_aranges
                0x000005a0       0x20 c:/winavr-20100110/bin/../lib/gcc/avr/4.3.3/avr5\libgcc.a(_lt_sf.o)
 .debug_aranges
                0x000005c0       0x20 c:/winavr-20100110/bin/../lib/gcc/avr/4.3.3/avr5\libgcc.a(_sf_to_si.o)
 .debug_aranges
                0x000005e0       0x20 c:/winavr-20100110/bin/../lib/gcc/avr/4.3.3/avr5\libgcc.a(_pack_sf.o)
 .debug_aranges
                0x00000600       0x20 c:/winavr-20100110/bin/../lib/gcc/avr/4.3.3/avr5\libgcc.a(_unpack_sf.o)
 .debug_aranges
                0x00000620       0x20 c:/winavr-20100110/bin/../lib/gcc/avr/4.3.3/avr5\libgcc.a(_fpcmp_parts_sf.o)

.debug_pubnames
                0x00000000      0xbb7
 *(.debug_pubnames)
 .debug_pubnames
                0x00000000      0x13c ./MCAL/USART/usart.o
 .debug_pubnames
                0x0000013c       0xa4 ./MCAL/GPIO/gpio.o
 .debug_pubnames
                0x000001e0       0x64 ./FreeRTOS/heap_2.o
 .debug_pubnames
                0x00000244       0x72 ./FreeRTOS/list.o
 .debug_pubnames
                0x000002b6       0x8f ./FreeRTOS/port.o
 .debug_pubnames
                0x00000345      0x18c ./FreeRTOS/queue.o
 .debug_pubnames
                0x000004d1      0x35f ./FreeRTOS/tasks.o
 .debug_pubnames
                0x00000830       0xd2 ./ECU/LCD/lcd.o
 .debug_pubnames
                0x00000902       0x7a ./ECU/Keypad/keypad.o
 .debug_pubnames
                0x0000097c       0x35 ./APP/HumanInterface/humaninterface.o
 .debug_pubnames
                0x000009b1       0x56 ./APP/ControlInterface/controlinterface.o
 .debug_pubnames
                0x00000a07       0x40 ./APP/main.o
 .debug_pubnames
                0x00000a47       0x23 c:/winavr-20100110/bin/../lib/gcc/avr/4.3.3/avr5\libgcc.a(_fixunssfsi.o)
 .debug_pubnames
                0x00000a6a       0x2c c:/winavr-20100110/bin/../lib/gcc/avr/4.3.3/avr5\libgcc.a(_addsub_sf.o)
 .debug_pubnames
                0x00000a96       0x1f c:/winavr-20100110/bin/../lib/gcc/avr/4.3.3/avr5\libgcc.a(_mul_sf.o)
 .debug_pubnames
                0x00000ab5       0x1e c:/winavr-20100110/bin/../lib/gcc/avr/4.3.3/avr5\libgcc.a(_gt_sf.o)
 .debug_pubnames
                0x00000ad3       0x1e c:/winavr-20100110/bin/../lib/gcc/avr/4.3.3/avr5\libgcc.a(_ge_sf.o)
 .debug_pubnames
                0x00000af1       0x1e c:/winavr-20100110/bin/../lib/gcc/avr/4.3.3/avr5\libgcc.a(_lt_sf.o)
 .debug_pubnames
                0x00000b0f       0x20 c:/winavr-20100110/bin/../lib/gcc/avr/4.3.3/avr5\libgcc.a(_sf_to_si.o)
 .debug_pubnames
                0x00000b2f       0x22 c:/winavr-20100110/bin/../lib/gcc/avr/4.3.3/avr5\libgcc.a(_thenan_sf.o)
 .debug_pubnames
                0x00000b51       0x1f c:/winavr-20100110/bin/../lib/gcc/avr/4.3.3/avr5\libgcc.a(_pack_sf.o)
 .debug_pubnames
                0x00000b70       0x21 c:/winavr-20100110/bin/../lib/gcc/avr/4.3.3/avr5\libgcc.a(_unpack_sf.o)
 .debug_pubnames
                0x00000b91       0x26 c:/winavr-20100110/bin/../lib/gcc/avr/4.3.3/avr5\libgcc.a(_fpcmp_parts_sf.o)

.debug_info     0x00000000     0x55c9
 *(.debug_info)
 .debug_info    0x00000000      0x555 ./MCAL/USART/usart.o
 .debug_info    0x00000555      0x296 ./MCAL/GPIO/gpio.o
 .debug_info    0x000007eb       0x6c ./FreeRTOS/croutine.o
 .debug_info    0x00000857      0x2bc ./FreeRTOS/heap_2.o
 .debug_info    0x00000b13      0x2a6 ./FreeRTOS/list.o
 .debug_info    0x00000db9      0x1d4 ./FreeRTOS/port.o
 .debug_info    0x00000f8d      0xb54 ./FreeRTOS/queue.o
 .debug_info    0x00001ae1     0x112b ./FreeRTOS/tasks.o
 .debug_info    0x00002c0c      0x5b2 ./ECU/LCD/lcd.o
 .debug_info    0x000031be      0x2ce ./ECU/Keypad/keypad.o
 .debug_info    0x0000348c      0x22e ./APP/HumanInterface/humaninterface.o
 .debug_info    0x000036ba      0x1f2 ./APP/ControlInterface/controlinterface.o
 .debug_info    0x000038ac       0xd4 ./APP/main.o
 .debug_info    0x00003980       0xb1 c:/winavr-20100110/bin/../lib/gcc/avr/4.3.3/avr5\libgcc.a(_fixunssfsi.o)
 .debug_info    0x00003a31      0x47a c:/winavr-20100110/bin/../lib/gcc/avr/4.3.3/avr5\libgcc.a(_addsub_sf.o)
 .debug_info    0x00003eab      0x485 c:/winavr-20100110/bin/../lib/gcc/avr/4.3.3/avr5\libgcc.a(_mul_sf.o)
 .debug_info    0x00004330      0x27f c:/winavr-20100110/bin/../lib/gcc/avr/4.3.3/avr5\libgcc.a(_gt_sf.o)
 .debug_info    0x000045af      0x27f c:/winavr-20100110/bin/../lib/gcc/avr/4.3.3/avr5\libgcc.a(_ge_sf.o)
 .debug_info    0x0000482e      0x27f c:/winavr-20100110/bin/../lib/gcc/avr/4.3.3/avr5\libgcc.a(_lt_sf.o)
 .debug_info    0x00004aad      0x2b0 c:/winavr-20100110/bin/../lib/gcc/avr/4.3.3/avr5\libgcc.a(_sf_to_si.o)
 .debug_info    0x00004d5d      0x12c c:/winavr-20100110/bin/../lib/gcc/avr/4.3.3/avr5\libgcc.a(_thenan_sf.o)
 .debug_info    0x00004e89      0x2df c:/winavr-20100110/bin/../lib/gcc/avr/4.3.3/avr5\libgcc.a(_pack_sf.o)
 .debug_info    0x00005168      0x251 c:/winavr-20100110/bin/../lib/gcc/avr/4.3.3/avr5\libgcc.a(_unpack_sf.o)
 .debug_info    0x000053b9      0x210 c:/winavr-20100110/bin/../lib/gcc/avr/4.3.3/avr5\libgcc.a(_fpcmp_parts_sf.o)
 *(.gnu.linkonce.wi.*)

.debug_abbrev   0x00000000     0x1cf9
 *(.debug_abbrev)
 .debug_abbrev  0x00000000      0x1c0 ./MCAL/USART/usart.o
 .debug_abbrev  0x000001c0       0xeb ./MCAL/GPIO/gpio.o
 .debug_abbrev  0x000002ab       0x35 ./FreeRTOS/croutine.o
 .debug_abbrev  0x000002e0      0x15b ./FreeRTOS/heap_2.o
 .debug_abbrev  0x0000043b       0xc5 ./FreeRTOS/list.o
 .debug_abbrev  0x00000500       0xeb ./FreeRTOS/port.o
 .debug_abbrev  0x000005eb      0x153 ./FreeRTOS/queue.o
 .debug_abbrev  0x0000073e      0x1c5 ./FreeRTOS/tasks.o
 .debug_abbrev  0x00000903      0x150 ./ECU/LCD/lcd.o
 .debug_abbrev  0x00000a53      0x13b ./ECU/Keypad/keypad.o
 .debug_abbrev  0x00000b8e      0x13c ./APP/HumanInterface/humaninterface.o
 .debug_abbrev  0x00000cca       0xd3 ./APP/ControlInterface/controlinterface.o
 .debug_abbrev  0x00000d9d       0x71 ./APP/main.o
 .debug_abbrev  0x00000e0e       0x5d c:/winavr-20100110/bin/../lib/gcc/avr/4.3.3/avr5\libgcc.a(_fixunssfsi.o)
 .debug_abbrev  0x00000e6b      0x1ea c:/winavr-20100110/bin/../lib/gcc/avr/4.3.3/avr5\libgcc.a(_addsub_sf.o)
 .debug_abbrev  0x00001055      0x21b c:/winavr-20100110/bin/../lib/gcc/avr/4.3.3/avr5\libgcc.a(_mul_sf.o)
 .debug_abbrev  0x00001270      0x15a c:/winavr-20100110/bin/../lib/gcc/avr/4.3.3/avr5\libgcc.a(_gt_sf.o)
 .debug_abbrev  0x000013ca      0x15a c:/winavr-20100110/bin/../lib/gcc/avr/4.3.3/avr5\libgcc.a(_ge_sf.o)
 .debug_abbrev  0x00001524      0x15a c:/winavr-20100110/bin/../lib/gcc/avr/4.3.3/avr5\libgcc.a(_lt_sf.o)
 .debug_abbrev  0x0000167e      0x17f c:/winavr-20100110/bin/../lib/gcc/avr/4.3.3/avr5\libgcc.a(_sf_to_si.o)
 .debug_abbrev  0x000017fd       0xad c:/winavr-20100110/bin/../lib/gcc/avr/4.3.3/avr5\libgcc.a(_thenan_sf.o)
 .debug_abbrev  0x000018aa      0x1c0 c:/winavr-20100110/bin/../lib/gcc/avr/4.3.3/avr5\libgcc.a(_pack_sf.o)
 .debug_abbrev  0x00001a6a      0x154 c:/winavr-20100110/bin/../lib/gcc/avr/4.3.3/avr5\libgcc.a(_unpack_sf.o)
 .debug_abbrev  0x00001bbe      0x13b c:/winavr-20100110/bin/../lib/gcc/avr/4.3.3/avr5\libgcc.a(_fpcmp_parts_sf.o)

.debug_line     0x00000000     0x6478
 *(.debug_line)
 .debug_line    0x00000000      0x513 ./MCAL/USART/usart.o
 .debug_line    0x00000513      0x4c3 ./MCAL/GPIO/gpio.o
 .debug_line    0x000009d6      0x229 ./FreeRTOS/croutine.o
 .debug_line    0x00000bff      0x3fb ./FreeRTOS/heap_2.o
 .debug_line    0x00000ffa      0x393 ./FreeRTOS/list.o
 .debug_line    0x0000138d      0x666 ./FreeRTOS/port.o
 .debug_line    0x000019f3      0xc76 ./FreeRTOS/queue.o
 .debug_line    0x00002669     0x1399 ./FreeRTOS/tasks.o
 .debug_line    0x00003a02      0x805 ./ECU/LCD/lcd.o
 .debug_line    0x00004207      0x493 ./ECU/Keypad/keypad.o
 .debug_line    0x0000469a      0x84c ./APP/HumanInterface/humaninterface.o
 .debug_line    0x00004ee6      0x45b ./APP/ControlInterface/controlinterface.o
 .debug_line    0x00005341      0x38a ./APP/main.o
 .debug_line    0x000056cb       0xa7 c:/winavr-20100110/bin/../lib/gcc/avr/4.3.3/avr5\libgcc.a(_fixunssfsi.o)
 .debug_line    0x00005772      0x2af c:/winavr-20100110/bin/../lib/gcc/avr/4.3.3/avr5\libgcc.a(_addsub_sf.o)
 .debug_line    0x00005a21      0x239 c:/winavr-20100110/bin/../lib/gcc/avr/4.3.3/avr5\libgcc.a(_mul_sf.o)
 .debug_line    0x00005c5a       0xd3 c:/winavr-20100110/bin/../lib/gcc/avr/4.3.3/avr5\libgcc.a(_gt_sf.o)
 .debug_line    0x00005d2d       0xd3 c:/winavr-20100110/bin/../lib/gcc/avr/4.3.3/avr5\libgcc.a(_ge_sf.o)
 .debug_line    0x00005e00       0xd3 c:/winavr-20100110/bin/../lib/gcc/avr/4.3.3/avr5\libgcc.a(_lt_sf.o)
 .debug_line    0x00005ed3      0x109 c:/winavr-20100110/bin/../lib/gcc/avr/4.3.3/avr5\libgcc.a(_sf_to_si.o)
 .debug_line    0x00005fdc       0x90 c:/winavr-20100110/bin/../lib/gcc/avr/4.3.3/avr5\libgcc.a(_thenan_sf.o)
 .debug_line    0x0000606c      0x18a c:/winavr-20100110/bin/../lib/gcc/avr/4.3.3/avr5\libgcc.a(_pack_sf.o)
 .debug_line    0x000061f6      0x14b c:/winavr-20100110/bin/../lib/gcc/avr/4.3.3/avr5\libgcc.a(_unpack_sf.o)
 .debug_line    0x00006341      0x137 c:/winavr-20100110/bin/../lib/gcc/avr/4.3.3/avr5\libgcc.a(_fpcmp_parts_sf.o)

.debug_frame    0x00000000      0x9e0
 *(.debug_frame)
 .debug_frame   0x00000000       0xc0 ./MCAL/USART/usart.o
 .debug_frame   0x000000c0       0x80 ./MCAL/GPIO/gpio.o
 .debug_frame   0x00000140       0x60 ./FreeRTOS/heap_2.o
 .debug_frame   0x000001a0       0x60 ./FreeRTOS/list.o
 .debug_frame   0x00000200       0x80 ./FreeRTOS/port.o
 .debug_frame   0x00000280      0x170 ./FreeRTOS/queue.o
 .debug_frame   0x000003f0      0x2b0 ./FreeRTOS/tasks.o
 .debug_frame   0x000006a0       0xa0 ./ECU/LCD/lcd.o
 .debug_frame   0x00000740       0x50 ./ECU/Keypad/keypad.o
 .debug_frame   0x00000790       0xa0 ./APP/HumanInterface/humaninterface.o
 .debug_frame   0x00000830       0x30 ./APP/ControlInterface/controlinterface.o
 .debug_frame   0x00000860       0x20 ./APP/main.o
 .debug_frame   0x00000880       0x20 c:/winavr-20100110/bin/../lib/gcc/avr/4.3.3/avr5\libgcc.a(_fixunssfsi.o)
 .debug_frame   0x000008a0       0x40 c:/winavr-20100110/bin/../lib/gcc/avr/4.3.3/avr5\libgcc.a(_addsub_sf.o)
 .debug_frame   0x000008e0       0x20 c:/winavr-20100110/bin/../lib/gcc/avr/4.3.3/avr5\libgcc.a(_mul_sf.o)
 .debug_frame   0x00000900       0x20 c:/winavr-20100110/bin/../lib/gcc/avr/4.3.3/avr5\libgcc.a(_gt_sf.o)
 .debug_frame   0x00000920       0x20 c:/winavr-20100110/bin/../lib/gcc/avr/4.3.3/avr5\libgcc.a(_ge_sf.o)
 .debug_frame   0x00000940       0x20 c:/winavr-20100110/bin/../lib/gcc/avr/4.3.3/avr5\libgcc.a(_lt_sf.o)
 .debug_frame   0x00000960       0x20 c:/winavr-20100110/bin/../lib/gcc/avr/4.3.3/avr5\libgcc.a(_sf_to_si.o)
 .debug_frame   0x00000980       0x20 c:/winavr-20100110/bin/../lib/gcc/avr/4.3.3/avr5\libgcc.a(_pack_sf.o)
 .debug_frame   0x000009a0       0x20 c:/winavr-20100110/bin/../lib/gcc/avr/4.3.3/avr5\libgcc.a(_unpack_sf.o)
 .debug_frame   0x000009c0       0x20 c:/winavr-20100110/bin/../lib/gcc/avr/4.3.3/avr5\libgcc.a(_fpcmp_parts_sf.o)

.debug_str      0x00000000     0x1a33
 *(.debug_str)
 .debug_str     0x00000000      0x3c2 ./MCAL/USART/usart.o
                                0x41d (size before relaxing)
 .debug_str     0x000003c2       0xf3 ./MCAL/GPIO/gpio.o
                                0x21f (size before relaxing)
 .debug_str     0x000004b5       0x17 ./FreeRTOS/croutine.o
                                 0xd9 (size before relaxing)
 .debug_str     0x000004cc      0x16c ./FreeRTOS/heap_2.o
                                0x239 (size before relaxing)
 .debug_str     0x00000638      0x13c ./FreeRTOS/list.o
                                0x218 (size before relaxing)
 .debug_str     0x00000774      0x102 ./FreeRTOS/port.o
                                0x1e0 (size before relaxing)
 .debug_str     0x00000876      0x3dd ./FreeRTOS/queue.o
                                0x5a3 (size before relaxing)
 .debug_str     0x00000c53      0x863 ./FreeRTOS/tasks.o
                                0xaca (size before relaxing)
 .debug_str     0x000014b6      0x109 ./ECU/LCD/lcd.o
                                0x299 (size before relaxing)
 .debug_str     0x000015bf       0x77 ./ECU/Keypad/keypad.o
                                0x219 (size before relaxing)
 .debug_str     0x00001636      0x122 ./APP/HumanInterface/humaninterface.o
                                0x22a (size before relaxing)
 .debug_str     0x00001758       0x8a ./APP/ControlInterface/controlinterface.o
                                0x21c (size before relaxing)
 .debug_str     0x000017e2       0x13 ./APP/main.o
                                0x12a (size before relaxing)
 .debug_str     0x000017f5       0x80 c:/winavr-20100110/bin/../lib/gcc/avr/4.3.3/avr5\libgcc.a(_fixunssfsi.o)
                                 0xfe (size before relaxing)
 .debug_str     0x00001875      0x13d c:/winavr-20100110/bin/../lib/gcc/avr/4.3.3/avr5\libgcc.a(_addsub_sf.o)
                                0x206 (size before relaxing)
 .debug_str     0x000019b2       0x27 c:/winavr-20100110/bin/../lib/gcc/avr/4.3.3/avr5\libgcc.a(_mul_sf.o)
                                0x1bf (size before relaxing)
 .debug_str     0x000019d9        0xf c:/winavr-20100110/bin/../lib/gcc/avr/4.3.3/avr5\libgcc.a(_gt_sf.o)
                                0x195 (size before relaxing)
 .debug_str     0x000019e8        0x8 c:/winavr-20100110/bin/../lib/gcc/avr/4.3.3/avr5\libgcc.a(_ge_sf.o)
                                0x195 (size before relaxing)
 .debug_str     0x000019f0        0x8 c:/winavr-20100110/bin/../lib/gcc/avr/4.3.3/avr5\libgcc.a(_lt_sf.o)
                                0x195 (size before relaxing)
 .debug_str     0x000019f8        0xa c:/winavr-20100110/bin/../lib/gcc/avr/4.3.3/avr5\libgcc.a(_sf_to_si.o)
                                0x19e (size before relaxing)
 .debug_str     0x00000000      0x103 c:/winavr-20100110/bin/../lib/gcc/avr/4.3.3/avr5\libgcc.a(_thenan_sf.o)
 .debug_str     0x00001a02       0x16 c:/winavr-20100110/bin/../lib/gcc/avr/4.3.3/avr5\libgcc.a(_pack_sf.o)
                                0x19d (size before relaxing)
 .debug_str     0x00001a18        0xb c:/winavr-20100110/bin/../lib/gcc/avr/4.3.3/avr5\libgcc.a(_unpack_sf.o)
                                0x17f (size before relaxing)
 .debug_str     0x00001a23       0x10 c:/winavr-20100110/bin/../lib/gcc/avr/4.3.3/avr5\libgcc.a(_fpcmp_parts_sf.o)
                                0x163 (size before relaxing)

.debug_loc      0x00000000      0x7ce
 *(.debug_loc)
 .debug_loc     0x00000000       0x34 c:/winavr-20100110/bin/../lib/gcc/avr/4.3.3/avr5\libgcc.a(_fixunssfsi.o)
 .debug_loc     0x00000034      0x32a c:/winavr-20100110/bin/../lib/gcc/avr/4.3.3/avr5\libgcc.a(_addsub_sf.o)
 .debug_loc     0x0000035e      0x104 c:/winavr-20100110/bin/../lib/gcc/avr/4.3.3/avr5\libgcc.a(_mul_sf.o)
 .debug_loc     0x00000462       0x3c c:/winavr-20100110/bin/../lib/gcc/avr/4.3.3/avr5\libgcc.a(_gt_sf.o)
 .debug_loc     0x0000049e       0x3c c:/winavr-20100110/bin/../lib/gcc/avr/4.3.3/avr5\libgcc.a(_ge_sf.o)
 .debug_loc     0x000004da       0x3c c:/winavr-20100110/bin/../lib/gcc/avr/4.3.3/avr5\libgcc.a(_lt_sf.o)
 .debug_loc     0x00000516       0x7e c:/winavr-20100110/bin/../lib/gcc/avr/4.3.3/avr5\libgcc.a(_sf_to_si.o)
 .debug_loc     0x00000594      0x13e c:/winavr-20100110/bin/../lib/gcc/avr/4.3.3/avr5\libgcc.a(_pack_sf.o)
 .debug_loc     0x000006d2       0xac c:/winavr-20100110/bin/../lib/gcc/avr/4.3.3/avr5\libgcc.a(_unpack_sf.o)
 .debug_loc     0x0000077e       0x50 c:/winavr-20100110/bin/../lib/gcc/avr/4.3.3/avr5\libgcc.a(_fpcmp_parts_sf.o)

.debug_macinfo  0x00000000    0x5d808
 *(.debug_macinfo)
 .debug_macinfo
                0x00000000     0x535f ./MCAL/USART/usart.o
 .debug_macinfo
                0x0000535f     0x4e3e ./MCAL/GPIO/gpio.o
 .debug_macinfo
                0x0000a19d     0x7f2d ./FreeRTOS/croutine.o
 .debug_macinfo
                0x000120ca     0x7d87 ./FreeRTOS/heap_2.o
 .debug_macinfo
                0x00019e51     0x754e ./FreeRTOS/list.o
 .debug_macinfo
                0x0002139f     0x86c1 ./FreeRTOS/port.o
 .debug_macinfo
                0x00029a60     0x87ea ./FreeRTOS/queue.o
 .debug_macinfo
                0x0003224a     0x8d28 ./FreeRTOS/tasks.o
 .debug_macinfo
                0x0003af72     0x52e6 ./ECU/LCD/lcd.o
 .debug_macinfo
                0x00040258     0x4fbf ./ECU/Keypad/keypad.o
 .debug_macinfo
                0x00045217     0x7f73 ./APP/HumanInterface/humaninterface.o
 .debug_macinfo
                0x0004d18a     0x83da ./APP/ControlInterface/controlinterface.o
 .debug_macinfo
                0x00055564     0x82a4 ./APP/main.o
OUTPUT(HMIEcu.elf elf32-avr)
LOAD linker stubs

.debug_ranges   0x00000000      0x4f0
 .debug_ranges  0x00000000       0x68 ./MCAL/USART/usart.o
 .debug_ranges  0x00000068       0x48 ./MCAL/GPIO/gpio.o
 .debug_ranges  0x000000b0       0x38 ./FreeRTOS/heap_2.o
 .debug_ranges  0x000000e8       0x38 ./FreeRTOS/list.o
 .debug_ranges  0x00000120       0x48 ./FreeRTOS/port.o
 .debug_ranges  0x00000168       0xc0 ./FreeRTOS/queue.o
 .debug_ranges  0x00000228      0x160 ./FreeRTOS/tasks.o
 .debug_ranges  0x00000388       0x58 ./ECU/LCD/lcd.o
 .debug_ranges  0x000003e0       0x30 ./ECU/Keypad/keypad.o
 .debug_ranges  0x00000410       0x58 ./APP/HumanInterface/humaninterface.o
 .debug_ranges  0x00000468       0x20 ./APP/ControlInterface/controlinterface.o
 .debug_ranges  0x00000488       0x18 ./APP/main.o
 .debug_ranges  0x000004a0       0x50 c:/winavr-20100110/bin/../lib/gcc/avr/4.3.3/avr5\libgcc.a(_mul_sf.o)
